--------------------------------------------------------------------------------
Release 14.7 Trace  (nt64)
Copyright (c) 1995-2013 Xilinx, Inc.  All rights reserved.

F:\14.7\ISE_DS\ISE\bin\nt64\unwrapped\trce.exe -intstyle ise -v 3 -s 4 -n 3
-fastpaths -xml SensorController.twx SensorController.ncd -o
SensorController.twr SensorController.pcf -ucf TOP_MODULE.ucf

Design file:              SensorController.ncd
Physical constraint file: SensorController.pcf
Device,package,speed:     xc3s250e,tq144,-4 (PRODUCTION 1.27 2013-10-13)
Report level:             verbose report

Environment Variable      Effect 
--------------------      ------ 
NONE                      No environment variables were set
--------------------------------------------------------------------------------

INFO:Timing:3412 - To improve timing, see the Timing Closure User Guide (UG612).
INFO:Timing:2752 - To get complete path coverage, use the unconstrained paths 
   option. All paths that are not constrained will be reported in the 
   unconstrained paths section(s) of the report.
INFO:Timing:3339 - The clock-to-out numbers in this timing report are based on 
   a 50 Ohm transmission line loading model.  For the details of this model, 
   and for more information on accounting for different loading conditions, 
   please see the device datasheet.
INFO:Timing:3390 - This architecture does not support a default System Jitter 
   value, please add SYSTEM_JITTER constraint to the UCF to modify the Clock 
   Uncertainty calculation.
INFO:Timing:3389 - This architecture does not support 'Discrete Jitter' and 
   'Phase Error' calculations, these terms will be zero in the Clock 
   Uncertainty calculation.  Please make appropriate modification to 
   SYSTEM_JITTER to account for the unsupported Discrete Jitter and Phase 
   Error.

================================================================================
Timing constraint: TS_fpga_clk1 = PERIOD TIMEGRP "fpga_clk1" 40 ns HIGH 50%;
For more information, see Period Analysis in the Timing Closure User Guide (UG612).

 171 paths analyzed, 43 endpoints analyzed, 0 failing endpoints
 0 timing errors detected. (0 setup errors, 0 hold errors, 0 component switching limit errors)
 Minimum period is   3.967ns.
--------------------------------------------------------------------------------

Paths for end point DisplayController/count_17 (SLICE_X35Y9.CIN), 16 paths
--------------------------------------------------------------------------------
Slack (setup path):     36.033ns (requirement - (data path - clock path skew + uncertainty))
  Source:               DisplayController/count_2 (FF)
  Destination:          DisplayController/count_17 (FF)
  Requirement:          40.000ns
  Data Path Delay:      3.960ns (Levels of Logic = 8)
  Clock Path Skew:      -0.007ns (0.002 - 0.009)
  Source Clock:         fpga_clk1_BUFGP rising at 0.000ns
  Destination Clock:    fpga_clk1_BUFGP rising at 40.000ns
  Clock Uncertainty:    0.000ns

  Maximum Data Path: DisplayController/count_2 to DisplayController/count_17
    Location             Delay type         Delay(ns)  Physical Resource
                                                       Logical Resource(s)
    -------------------------------------------------  -------------------
    SLICE_X35Y2.XQ       Tcko                  0.591   DisplayController/count<2>
                                                       DisplayController/count_2
    SLICE_X35Y2.F1       net (fanout=1)        0.497   DisplayController/count<2>
    SLICE_X35Y2.COUT     Topcyf                1.162   DisplayController/count<2>
                                                       DisplayController/count<2>_rt
                                                       DisplayController/Mcount_count_cy<2>
                                                       DisplayController/Mcount_count_cy<3>
    SLICE_X35Y3.CIN      net (fanout=1)        0.000   DisplayController/Mcount_count_cy<3>
    SLICE_X35Y3.COUT     Tbyp                  0.118   DisplayController/count<4>
                                                       DisplayController/Mcount_count_cy<4>
                                                       DisplayController/Mcount_count_cy<5>
    SLICE_X35Y4.CIN      net (fanout=1)        0.000   DisplayController/Mcount_count_cy<5>
    SLICE_X35Y4.COUT     Tbyp                  0.118   DisplayController/count<6>
                                                       DisplayController/Mcount_count_cy<6>
                                                       DisplayController/Mcount_count_cy<7>
    SLICE_X35Y5.CIN      net (fanout=1)        0.000   DisplayController/Mcount_count_cy<7>
    SLICE_X35Y5.COUT     Tbyp                  0.118   DisplayController/count<8>
                                                       DisplayController/Mcount_count_cy<8>
                                                       DisplayController/Mcount_count_cy<9>
    SLICE_X35Y6.CIN      net (fanout=1)        0.000   DisplayController/Mcount_count_cy<9>
    SLICE_X35Y6.COUT     Tbyp                  0.118   DisplayController/count<10>
                                                       DisplayController/Mcount_count_cy<10>
                                                       DisplayController/Mcount_count_cy<11>
    SLICE_X35Y7.CIN      net (fanout=1)        0.000   DisplayController/Mcount_count_cy<11>
    SLICE_X35Y7.COUT     Tbyp                  0.118   DisplayController/count<12>
                                                       DisplayController/Mcount_count_cy<12>
                                                       DisplayController/Mcount_count_cy<13>
    SLICE_X35Y8.CIN      net (fanout=1)        0.000   DisplayController/Mcount_count_cy<13>
    SLICE_X35Y8.COUT     Tbyp                  0.118   DisplayController/count<14>
                                                       DisplayController/Mcount_count_cy<14>
                                                       DisplayController/Mcount_count_cy<15>
    SLICE_X35Y9.CIN      net (fanout=1)        0.000   DisplayController/Mcount_count_cy<15>
    SLICE_X35Y9.CLK      Tcinck                1.002   DisplayController/count<16>
                                                       DisplayController/Mcount_count_cy<16>
                                                       DisplayController/Mcount_count_xor<17>
                                                       DisplayController/count_17
    -------------------------------------------------  ---------------------------
    Total                                      3.960ns (3.463ns logic, 0.497ns route)
                                                       (87.4% logic, 12.6% route)

--------------------------------------------------------------------------------
Slack (setup path):     36.043ns (requirement - (data path - clock path skew + uncertainty))
  Source:               DisplayController/count_1 (FF)
  Destination:          DisplayController/count_17 (FF)
  Requirement:          40.000ns
  Data Path Delay:      3.949ns (Levels of Logic = 9)
  Clock Path Skew:      -0.008ns (0.002 - 0.010)
  Source Clock:         fpga_clk1_BUFGP rising at 0.000ns
  Destination Clock:    fpga_clk1_BUFGP rising at 40.000ns
  Clock Uncertainty:    0.000ns

  Maximum Data Path: DisplayController/count_1 to DisplayController/count_17
    Location             Delay type         Delay(ns)  Physical Resource
                                                       Logical Resource(s)
    -------------------------------------------------  -------------------
    SLICE_X35Y1.YQ       Tcko                  0.587   DisplayController/count<0>
                                                       DisplayController/count_1
    SLICE_X35Y1.G1       net (fanout=1)        0.533   DisplayController/count<1>
    SLICE_X35Y1.COUT     Topcyg                1.001   DisplayController/count<0>
                                                       DisplayController/count<1>_rt
                                                       DisplayController/Mcount_count_cy<1>
    SLICE_X35Y2.CIN      net (fanout=1)        0.000   DisplayController/Mcount_count_cy<1>
    SLICE_X35Y2.COUT     Tbyp                  0.118   DisplayController/count<2>
                                                       DisplayController/Mcount_count_cy<2>
                                                       DisplayController/Mcount_count_cy<3>
    SLICE_X35Y3.CIN      net (fanout=1)        0.000   DisplayController/Mcount_count_cy<3>
    SLICE_X35Y3.COUT     Tbyp                  0.118   DisplayController/count<4>
                                                       DisplayController/Mcount_count_cy<4>
                                                       DisplayController/Mcount_count_cy<5>
    SLICE_X35Y4.CIN      net (fanout=1)        0.000   DisplayController/Mcount_count_cy<5>
    SLICE_X35Y4.COUT     Tbyp                  0.118   DisplayController/count<6>
                                                       DisplayController/Mcount_count_cy<6>
                                                       DisplayController/Mcount_count_cy<7>
    SLICE_X35Y5.CIN      net (fanout=1)        0.000   DisplayController/Mcount_count_cy<7>
    SLICE_X35Y5.COUT     Tbyp                  0.118   DisplayController/count<8>
                                                       DisplayController/Mcount_count_cy<8>
                                                       DisplayController/Mcount_count_cy<9>
    SLICE_X35Y6.CIN      net (fanout=1)        0.000   DisplayController/Mcount_count_cy<9>
    SLICE_X35Y6.COUT     Tbyp                  0.118   DisplayController/count<10>
                                                       DisplayController/Mcount_count_cy<10>
                                                       DisplayController/Mcount_count_cy<11>
    SLICE_X35Y7.CIN      net (fanout=1)        0.000   DisplayController/Mcount_count_cy<11>
    SLICE_X35Y7.COUT     Tbyp                  0.118   DisplayController/count<12>
                                                       DisplayController/Mcount_count_cy<12>
                                                       DisplayController/Mcount_count_cy<13>
    SLICE_X35Y8.CIN      net (fanout=1)        0.000   DisplayController/Mcount_count_cy<13>
    SLICE_X35Y8.COUT     Tbyp                  0.118   DisplayController/count<14>
                                                       DisplayController/Mcount_count_cy<14>
                                                       DisplayController/Mcount_count_cy<15>
    SLICE_X35Y9.CIN      net (fanout=1)        0.000   DisplayController/Mcount_count_cy<15>
    SLICE_X35Y9.CLK      Tcinck                1.002   DisplayController/count<16>
                                                       DisplayController/Mcount_count_cy<16>
                                                       DisplayController/Mcount_count_xor<17>
                                                       DisplayController/count_17
    -------------------------------------------------  ---------------------------
    Total                                      3.949ns (3.416ns logic, 0.533ns route)
                                                       (86.5% logic, 13.5% route)

--------------------------------------------------------------------------------
Slack (setup path):     36.047ns (requirement - (data path - clock path skew + uncertainty))
  Source:               DisplayController/count_0 (FF)
  Destination:          DisplayController/count_17 (FF)
  Requirement:          40.000ns
  Data Path Delay:      3.945ns (Levels of Logic = 9)
  Clock Path Skew:      -0.008ns (0.002 - 0.010)
  Source Clock:         fpga_clk1_BUFGP rising at 0.000ns
  Destination Clock:    fpga_clk1_BUFGP rising at 40.000ns
  Clock Uncertainty:    0.000ns

  Maximum Data Path: DisplayController/count_0 to DisplayController/count_17
    Location             Delay type         Delay(ns)  Physical Resource
                                                       Logical Resource(s)
    -------------------------------------------------  -------------------
    SLICE_X35Y1.XQ       Tcko                  0.591   DisplayController/count<0>
                                                       DisplayController/count_0
    SLICE_X35Y1.F4       net (fanout=1)        0.364   DisplayController/count<0>
    SLICE_X35Y1.COUT     Topcyf                1.162   DisplayController/count<0>
                                                       DisplayController/Mcount_count_lut<0>_INV_0
                                                       DisplayController/Mcount_count_cy<0>
                                                       DisplayController/Mcount_count_cy<1>
    SLICE_X35Y2.CIN      net (fanout=1)        0.000   DisplayController/Mcount_count_cy<1>
    SLICE_X35Y2.COUT     Tbyp                  0.118   DisplayController/count<2>
                                                       DisplayController/Mcount_count_cy<2>
                                                       DisplayController/Mcount_count_cy<3>
    SLICE_X35Y3.CIN      net (fanout=1)        0.000   DisplayController/Mcount_count_cy<3>
    SLICE_X35Y3.COUT     Tbyp                  0.118   DisplayController/count<4>
                                                       DisplayController/Mcount_count_cy<4>
                                                       DisplayController/Mcount_count_cy<5>
    SLICE_X35Y4.CIN      net (fanout=1)        0.000   DisplayController/Mcount_count_cy<5>
    SLICE_X35Y4.COUT     Tbyp                  0.118   DisplayController/count<6>
                                                       DisplayController/Mcount_count_cy<6>
                                                       DisplayController/Mcount_count_cy<7>
    SLICE_X35Y5.CIN      net (fanout=1)        0.000   DisplayController/Mcount_count_cy<7>
    SLICE_X35Y5.COUT     Tbyp                  0.118   DisplayController/count<8>
                                                       DisplayController/Mcount_count_cy<8>
                                                       DisplayController/Mcount_count_cy<9>
    SLICE_X35Y6.CIN      net (fanout=1)        0.000   DisplayController/Mcount_count_cy<9>
    SLICE_X35Y6.COUT     Tbyp                  0.118   DisplayController/count<10>
                                                       DisplayController/Mcount_count_cy<10>
                                                       DisplayController/Mcount_count_cy<11>
    SLICE_X35Y7.CIN      net (fanout=1)        0.000   DisplayController/Mcount_count_cy<11>
    SLICE_X35Y7.COUT     Tbyp                  0.118   DisplayController/count<12>
                                                       DisplayController/Mcount_count_cy<12>
                                                       DisplayController/Mcount_count_cy<13>
    SLICE_X35Y8.CIN      net (fanout=1)        0.000   DisplayController/Mcount_count_cy<13>
    SLICE_X35Y8.COUT     Tbyp                  0.118   DisplayController/count<14>
                                                       DisplayController/Mcount_count_cy<14>
                                                       DisplayController/Mcount_count_cy<15>
    SLICE_X35Y9.CIN      net (fanout=1)        0.000   DisplayController/Mcount_count_cy<15>
    SLICE_X35Y9.CLK      Tcinck                1.002   DisplayController/count<16>
                                                       DisplayController/Mcount_count_cy<16>
                                                       DisplayController/Mcount_count_xor<17>
                                                       DisplayController/count_17
    -------------------------------------------------  ---------------------------
    Total                                      3.945ns (3.581ns logic, 0.364ns route)
                                                       (90.8% logic, 9.2% route)

--------------------------------------------------------------------------------

Paths for end point DisplayController/count_15 (SLICE_X35Y8.CIN), 14 paths
--------------------------------------------------------------------------------
Slack (setup path):     36.151ns (requirement - (data path - clock path skew + uncertainty))
  Source:               DisplayController/count_2 (FF)
  Destination:          DisplayController/count_15 (FF)
  Requirement:          40.000ns
  Data Path Delay:      3.842ns (Levels of Logic = 7)
  Clock Path Skew:      -0.007ns (0.002 - 0.009)
  Source Clock:         fpga_clk1_BUFGP rising at 0.000ns
  Destination Clock:    fpga_clk1_BUFGP rising at 40.000ns
  Clock Uncertainty:    0.000ns

  Maximum Data Path: DisplayController/count_2 to DisplayController/count_15
    Location             Delay type         Delay(ns)  Physical Resource
                                                       Logical Resource(s)
    -------------------------------------------------  -------------------
    SLICE_X35Y2.XQ       Tcko                  0.591   DisplayController/count<2>
                                                       DisplayController/count_2
    SLICE_X35Y2.F1       net (fanout=1)        0.497   DisplayController/count<2>
    SLICE_X35Y2.COUT     Topcyf                1.162   DisplayController/count<2>
                                                       DisplayController/count<2>_rt
                                                       DisplayController/Mcount_count_cy<2>
                                                       DisplayController/Mcount_count_cy<3>
    SLICE_X35Y3.CIN      net (fanout=1)        0.000   DisplayController/Mcount_count_cy<3>
    SLICE_X35Y3.COUT     Tbyp                  0.118   DisplayController/count<4>
                                                       DisplayController/Mcount_count_cy<4>
                                                       DisplayController/Mcount_count_cy<5>
    SLICE_X35Y4.CIN      net (fanout=1)        0.000   DisplayController/Mcount_count_cy<5>
    SLICE_X35Y4.COUT     Tbyp                  0.118   DisplayController/count<6>
                                                       DisplayController/Mcount_count_cy<6>
                                                       DisplayController/Mcount_count_cy<7>
    SLICE_X35Y5.CIN      net (fanout=1)        0.000   DisplayController/Mcount_count_cy<7>
    SLICE_X35Y5.COUT     Tbyp                  0.118   DisplayController/count<8>
                                                       DisplayController/Mcount_count_cy<8>
                                                       DisplayController/Mcount_count_cy<9>
    SLICE_X35Y6.CIN      net (fanout=1)        0.000   DisplayController/Mcount_count_cy<9>
    SLICE_X35Y6.COUT     Tbyp                  0.118   DisplayController/count<10>
                                                       DisplayController/Mcount_count_cy<10>
                                                       DisplayController/Mcount_count_cy<11>
    SLICE_X35Y7.CIN      net (fanout=1)        0.000   DisplayController/Mcount_count_cy<11>
    SLICE_X35Y7.COUT     Tbyp                  0.118   DisplayController/count<12>
                                                       DisplayController/Mcount_count_cy<12>
                                                       DisplayController/Mcount_count_cy<13>
    SLICE_X35Y8.CIN      net (fanout=1)        0.000   DisplayController/Mcount_count_cy<13>
    SLICE_X35Y8.CLK      Tcinck                1.002   DisplayController/count<14>
                                                       DisplayController/Mcount_count_cy<14>
                                                       DisplayController/Mcount_count_xor<15>
                                                       DisplayController/count_15
    -------------------------------------------------  ---------------------------
    Total                                      3.842ns (3.345ns logic, 0.497ns route)
                                                       (87.1% logic, 12.9% route)

--------------------------------------------------------------------------------
Slack (setup path):     36.161ns (requirement - (data path - clock path skew + uncertainty))
  Source:               DisplayController/count_1 (FF)
  Destination:          DisplayController/count_15 (FF)
  Requirement:          40.000ns
  Data Path Delay:      3.831ns (Levels of Logic = 8)
  Clock Path Skew:      -0.008ns (0.002 - 0.010)
  Source Clock:         fpga_clk1_BUFGP rising at 0.000ns
  Destination Clock:    fpga_clk1_BUFGP rising at 40.000ns
  Clock Uncertainty:    0.000ns

  Maximum Data Path: DisplayController/count_1 to DisplayController/count_15
    Location             Delay type         Delay(ns)  Physical Resource
                                                       Logical Resource(s)
    -------------------------------------------------  -------------------
    SLICE_X35Y1.YQ       Tcko                  0.587   DisplayController/count<0>
                                                       DisplayController/count_1
    SLICE_X35Y1.G1       net (fanout=1)        0.533   DisplayController/count<1>
    SLICE_X35Y1.COUT     Topcyg                1.001   DisplayController/count<0>
                                                       DisplayController/count<1>_rt
                                                       DisplayController/Mcount_count_cy<1>
    SLICE_X35Y2.CIN      net (fanout=1)        0.000   DisplayController/Mcount_count_cy<1>
    SLICE_X35Y2.COUT     Tbyp                  0.118   DisplayController/count<2>
                                                       DisplayController/Mcount_count_cy<2>
                                                       DisplayController/Mcount_count_cy<3>
    SLICE_X35Y3.CIN      net (fanout=1)        0.000   DisplayController/Mcount_count_cy<3>
    SLICE_X35Y3.COUT     Tbyp                  0.118   DisplayController/count<4>
                                                       DisplayController/Mcount_count_cy<4>
                                                       DisplayController/Mcount_count_cy<5>
    SLICE_X35Y4.CIN      net (fanout=1)        0.000   DisplayController/Mcount_count_cy<5>
    SLICE_X35Y4.COUT     Tbyp                  0.118   DisplayController/count<6>
                                                       DisplayController/Mcount_count_cy<6>
                                                       DisplayController/Mcount_count_cy<7>
    SLICE_X35Y5.CIN      net (fanout=1)        0.000   DisplayController/Mcount_count_cy<7>
    SLICE_X35Y5.COUT     Tbyp                  0.118   DisplayController/count<8>
                                                       DisplayController/Mcount_count_cy<8>
                                                       DisplayController/Mcount_count_cy<9>
    SLICE_X35Y6.CIN      net (fanout=1)        0.000   DisplayController/Mcount_count_cy<9>
    SLICE_X35Y6.COUT     Tbyp                  0.118   DisplayController/count<10>
                                                       DisplayController/Mcount_count_cy<10>
                                                       DisplayController/Mcount_count_cy<11>
    SLICE_X35Y7.CIN      net (fanout=1)        0.000   DisplayController/Mcount_count_cy<11>
    SLICE_X35Y7.COUT     Tbyp                  0.118   DisplayController/count<12>
                                                       DisplayController/Mcount_count_cy<12>
                                                       DisplayController/Mcount_count_cy<13>
    SLICE_X35Y8.CIN      net (fanout=1)        0.000   DisplayController/Mcount_count_cy<13>
    SLICE_X35Y8.CLK      Tcinck                1.002   DisplayController/count<14>
                                                       DisplayController/Mcount_count_cy<14>
                                                       DisplayController/Mcount_count_xor<15>
                                                       DisplayController/count_15
    -------------------------------------------------  ---------------------------
    Total                                      3.831ns (3.298ns logic, 0.533ns route)
                                                       (86.1% logic, 13.9% route)

--------------------------------------------------------------------------------
Slack (setup path):     36.165ns (requirement - (data path - clock path skew + uncertainty))
  Source:               DisplayController/count_0 (FF)
  Destination:          DisplayController/count_15 (FF)
  Requirement:          40.000ns
  Data Path Delay:      3.827ns (Levels of Logic = 8)
  Clock Path Skew:      -0.008ns (0.002 - 0.010)
  Source Clock:         fpga_clk1_BUFGP rising at 0.000ns
  Destination Clock:    fpga_clk1_BUFGP rising at 40.000ns
  Clock Uncertainty:    0.000ns

  Maximum Data Path: DisplayController/count_0 to DisplayController/count_15
    Location             Delay type         Delay(ns)  Physical Resource
                                                       Logical Resource(s)
    -------------------------------------------------  -------------------
    SLICE_X35Y1.XQ       Tcko                  0.591   DisplayController/count<0>
                                                       DisplayController/count_0
    SLICE_X35Y1.F4       net (fanout=1)        0.364   DisplayController/count<0>
    SLICE_X35Y1.COUT     Topcyf                1.162   DisplayController/count<0>
                                                       DisplayController/Mcount_count_lut<0>_INV_0
                                                       DisplayController/Mcount_count_cy<0>
                                                       DisplayController/Mcount_count_cy<1>
    SLICE_X35Y2.CIN      net (fanout=1)        0.000   DisplayController/Mcount_count_cy<1>
    SLICE_X35Y2.COUT     Tbyp                  0.118   DisplayController/count<2>
                                                       DisplayController/Mcount_count_cy<2>
                                                       DisplayController/Mcount_count_cy<3>
    SLICE_X35Y3.CIN      net (fanout=1)        0.000   DisplayController/Mcount_count_cy<3>
    SLICE_X35Y3.COUT     Tbyp                  0.118   DisplayController/count<4>
                                                       DisplayController/Mcount_count_cy<4>
                                                       DisplayController/Mcount_count_cy<5>
    SLICE_X35Y4.CIN      net (fanout=1)        0.000   DisplayController/Mcount_count_cy<5>
    SLICE_X35Y4.COUT     Tbyp                  0.118   DisplayController/count<6>
                                                       DisplayController/Mcount_count_cy<6>
                                                       DisplayController/Mcount_count_cy<7>
    SLICE_X35Y5.CIN      net (fanout=1)        0.000   DisplayController/Mcount_count_cy<7>
    SLICE_X35Y5.COUT     Tbyp                  0.118   DisplayController/count<8>
                                                       DisplayController/Mcount_count_cy<8>
                                                       DisplayController/Mcount_count_cy<9>
    SLICE_X35Y6.CIN      net (fanout=1)        0.000   DisplayController/Mcount_count_cy<9>
    SLICE_X35Y6.COUT     Tbyp                  0.118   DisplayController/count<10>
                                                       DisplayController/Mcount_count_cy<10>
                                                       DisplayController/Mcount_count_cy<11>
    SLICE_X35Y7.CIN      net (fanout=1)        0.000   DisplayController/Mcount_count_cy<11>
    SLICE_X35Y7.COUT     Tbyp                  0.118   DisplayController/count<12>
                                                       DisplayController/Mcount_count_cy<12>
                                                       DisplayController/Mcount_count_cy<13>
    SLICE_X35Y8.CIN      net (fanout=1)        0.000   DisplayController/Mcount_count_cy<13>
    SLICE_X35Y8.CLK      Tcinck                1.002   DisplayController/count<14>
                                                       DisplayController/Mcount_count_cy<14>
                                                       DisplayController/Mcount_count_xor<15>
                                                       DisplayController/count_15
    -------------------------------------------------  ---------------------------
    Total                                      3.827ns (3.463ns logic, 0.364ns route)
                                                       (90.5% logic, 9.5% route)

--------------------------------------------------------------------------------

Paths for end point DisplayController/count_13 (SLICE_X35Y7.CIN), 12 paths
--------------------------------------------------------------------------------
Slack (setup path):     36.271ns (requirement - (data path - clock path skew + uncertainty))
  Source:               DisplayController/count_2 (FF)
  Destination:          DisplayController/count_13 (FF)
  Requirement:          40.000ns
  Data Path Delay:      3.724ns (Levels of Logic = 6)
  Clock Path Skew:      -0.005ns (0.004 - 0.009)
  Source Clock:         fpga_clk1_BUFGP rising at 0.000ns
  Destination Clock:    fpga_clk1_BUFGP rising at 40.000ns
  Clock Uncertainty:    0.000ns

  Maximum Data Path: DisplayController/count_2 to DisplayController/count_13
    Location             Delay type         Delay(ns)  Physical Resource
                                                       Logical Resource(s)
    -------------------------------------------------  -------------------
    SLICE_X35Y2.XQ       Tcko                  0.591   DisplayController/count<2>
                                                       DisplayController/count_2
    SLICE_X35Y2.F1       net (fanout=1)        0.497   DisplayController/count<2>
    SLICE_X35Y2.COUT     Topcyf                1.162   DisplayController/count<2>
                                                       DisplayController/count<2>_rt
                                                       DisplayController/Mcount_count_cy<2>
                                                       DisplayController/Mcount_count_cy<3>
    SLICE_X35Y3.CIN      net (fanout=1)        0.000   DisplayController/Mcount_count_cy<3>
    SLICE_X35Y3.COUT     Tbyp                  0.118   DisplayController/count<4>
                                                       DisplayController/Mcount_count_cy<4>
                                                       DisplayController/Mcount_count_cy<5>
    SLICE_X35Y4.CIN      net (fanout=1)        0.000   DisplayController/Mcount_count_cy<5>
    SLICE_X35Y4.COUT     Tbyp                  0.118   DisplayController/count<6>
                                                       DisplayController/Mcount_count_cy<6>
                                                       DisplayController/Mcount_count_cy<7>
    SLICE_X35Y5.CIN      net (fanout=1)        0.000   DisplayController/Mcount_count_cy<7>
    SLICE_X35Y5.COUT     Tbyp                  0.118   DisplayController/count<8>
                                                       DisplayController/Mcount_count_cy<8>
                                                       DisplayController/Mcount_count_cy<9>
    SLICE_X35Y6.CIN      net (fanout=1)        0.000   DisplayController/Mcount_count_cy<9>
    SLICE_X35Y6.COUT     Tbyp                  0.118   DisplayController/count<10>
                                                       DisplayController/Mcount_count_cy<10>
                                                       DisplayController/Mcount_count_cy<11>
    SLICE_X35Y7.CIN      net (fanout=1)        0.000   DisplayController/Mcount_count_cy<11>
    SLICE_X35Y7.CLK      Tcinck                1.002   DisplayController/count<12>
                                                       DisplayController/Mcount_count_cy<12>
                                                       DisplayController/Mcount_count_xor<13>
                                                       DisplayController/count_13
    -------------------------------------------------  ---------------------------
    Total                                      3.724ns (3.227ns logic, 0.497ns route)
                                                       (86.7% logic, 13.3% route)

--------------------------------------------------------------------------------
Slack (setup path):     36.281ns (requirement - (data path - clock path skew + uncertainty))
  Source:               DisplayController/count_1 (FF)
  Destination:          DisplayController/count_13 (FF)
  Requirement:          40.000ns
  Data Path Delay:      3.713ns (Levels of Logic = 7)
  Clock Path Skew:      -0.006ns (0.004 - 0.010)
  Source Clock:         fpga_clk1_BUFGP rising at 0.000ns
  Destination Clock:    fpga_clk1_BUFGP rising at 40.000ns
  Clock Uncertainty:    0.000ns

  Maximum Data Path: DisplayController/count_1 to DisplayController/count_13
    Location             Delay type         Delay(ns)  Physical Resource
                                                       Logical Resource(s)
    -------------------------------------------------  -------------------
    SLICE_X35Y1.YQ       Tcko                  0.587   DisplayController/count<0>
                                                       DisplayController/count_1
    SLICE_X35Y1.G1       net (fanout=1)        0.533   DisplayController/count<1>
    SLICE_X35Y1.COUT     Topcyg                1.001   DisplayController/count<0>
                                                       DisplayController/count<1>_rt
                                                       DisplayController/Mcount_count_cy<1>
    SLICE_X35Y2.CIN      net (fanout=1)        0.000   DisplayController/Mcount_count_cy<1>
    SLICE_X35Y2.COUT     Tbyp                  0.118   DisplayController/count<2>
                                                       DisplayController/Mcount_count_cy<2>
                                                       DisplayController/Mcount_count_cy<3>
    SLICE_X35Y3.CIN      net (fanout=1)        0.000   DisplayController/Mcount_count_cy<3>
    SLICE_X35Y3.COUT     Tbyp                  0.118   DisplayController/count<4>
                                                       DisplayController/Mcount_count_cy<4>
                                                       DisplayController/Mcount_count_cy<5>
    SLICE_X35Y4.CIN      net (fanout=1)        0.000   DisplayController/Mcount_count_cy<5>
    SLICE_X35Y4.COUT     Tbyp                  0.118   DisplayController/count<6>
                                                       DisplayController/Mcount_count_cy<6>
                                                       DisplayController/Mcount_count_cy<7>
    SLICE_X35Y5.CIN      net (fanout=1)        0.000   DisplayController/Mcount_count_cy<7>
    SLICE_X35Y5.COUT     Tbyp                  0.118   DisplayController/count<8>
                                                       DisplayController/Mcount_count_cy<8>
                                                       DisplayController/Mcount_count_cy<9>
    SLICE_X35Y6.CIN      net (fanout=1)        0.000   DisplayController/Mcount_count_cy<9>
    SLICE_X35Y6.COUT     Tbyp                  0.118   DisplayController/count<10>
                                                       DisplayController/Mcount_count_cy<10>
                                                       DisplayController/Mcount_count_cy<11>
    SLICE_X35Y7.CIN      net (fanout=1)        0.000   DisplayController/Mcount_count_cy<11>
    SLICE_X35Y7.CLK      Tcinck                1.002   DisplayController/count<12>
                                                       DisplayController/Mcount_count_cy<12>
                                                       DisplayController/Mcount_count_xor<13>
                                                       DisplayController/count_13
    -------------------------------------------------  ---------------------------
    Total                                      3.713ns (3.180ns logic, 0.533ns route)
                                                       (85.6% logic, 14.4% route)

--------------------------------------------------------------------------------
Slack (setup path):     36.285ns (requirement - (data path - clock path skew + uncertainty))
  Source:               DisplayController/count_0 (FF)
  Destination:          DisplayController/count_13 (FF)
  Requirement:          40.000ns
  Data Path Delay:      3.709ns (Levels of Logic = 7)
  Clock Path Skew:      -0.006ns (0.004 - 0.010)
  Source Clock:         fpga_clk1_BUFGP rising at 0.000ns
  Destination Clock:    fpga_clk1_BUFGP rising at 40.000ns
  Clock Uncertainty:    0.000ns

  Maximum Data Path: DisplayController/count_0 to DisplayController/count_13
    Location             Delay type         Delay(ns)  Physical Resource
                                                       Logical Resource(s)
    -------------------------------------------------  -------------------
    SLICE_X35Y1.XQ       Tcko                  0.591   DisplayController/count<0>
                                                       DisplayController/count_0
    SLICE_X35Y1.F4       net (fanout=1)        0.364   DisplayController/count<0>
    SLICE_X35Y1.COUT     Topcyf                1.162   DisplayController/count<0>
                                                       DisplayController/Mcount_count_lut<0>_INV_0
                                                       DisplayController/Mcount_count_cy<0>
                                                       DisplayController/Mcount_count_cy<1>
    SLICE_X35Y2.CIN      net (fanout=1)        0.000   DisplayController/Mcount_count_cy<1>
    SLICE_X35Y2.COUT     Tbyp                  0.118   DisplayController/count<2>
                                                       DisplayController/Mcount_count_cy<2>
                                                       DisplayController/Mcount_count_cy<3>
    SLICE_X35Y3.CIN      net (fanout=1)        0.000   DisplayController/Mcount_count_cy<3>
    SLICE_X35Y3.COUT     Tbyp                  0.118   DisplayController/count<4>
                                                       DisplayController/Mcount_count_cy<4>
                                                       DisplayController/Mcount_count_cy<5>
    SLICE_X35Y4.CIN      net (fanout=1)        0.000   DisplayController/Mcount_count_cy<5>
    SLICE_X35Y4.COUT     Tbyp                  0.118   DisplayController/count<6>
                                                       DisplayController/Mcount_count_cy<6>
                                                       DisplayController/Mcount_count_cy<7>
    SLICE_X35Y5.CIN      net (fanout=1)        0.000   DisplayController/Mcount_count_cy<7>
    SLICE_X35Y5.COUT     Tbyp                  0.118   DisplayController/count<8>
                                                       DisplayController/Mcount_count_cy<8>
                                                       DisplayController/Mcount_count_cy<9>
    SLICE_X35Y6.CIN      net (fanout=1)        0.000   DisplayController/Mcount_count_cy<9>
    SLICE_X35Y6.COUT     Tbyp                  0.118   DisplayController/count<10>
                                                       DisplayController/Mcount_count_cy<10>
                                                       DisplayController/Mcount_count_cy<11>
    SLICE_X35Y7.CIN      net (fanout=1)        0.000   DisplayController/Mcount_count_cy<11>
    SLICE_X35Y7.CLK      Tcinck                1.002   DisplayController/count<12>
                                                       DisplayController/Mcount_count_cy<12>
                                                       DisplayController/Mcount_count_xor<13>
                                                       DisplayController/count_13
    -------------------------------------------------  ---------------------------
    Total                                      3.709ns (3.345ns logic, 0.364ns route)
                                                       (90.2% logic, 9.8% route)

--------------------------------------------------------------------------------

Hold Paths: TS_fpga_clk1 = PERIOD TIMEGRP "fpga_clk1" 40 ns HIGH 50%;
--------------------------------------------------------------------------------

Paths for end point DisplayController/count_0 (SLICE_X35Y1.F4), 1 path
--------------------------------------------------------------------------------
Slack (hold path):      1.565ns (requirement - (clock path skew + uncertainty - data path))
  Source:               DisplayController/count_0 (FF)
  Destination:          DisplayController/count_0 (FF)
  Requirement:          0.000ns
  Data Path Delay:      1.565ns (Levels of Logic = 1)
  Clock Path Skew:      0.000ns
  Source Clock:         fpga_clk1_BUFGP rising at 40.000ns
  Destination Clock:    fpga_clk1_BUFGP rising at 40.000ns
  Clock Uncertainty:    0.000ns

  Minimum Data Path: DisplayController/count_0 to DisplayController/count_0
    Location             Delay type         Delay(ns)  Physical Resource
                                                       Logical Resource(s)
    -------------------------------------------------  -------------------
    SLICE_X35Y1.XQ       Tcko                  0.473   DisplayController/count<0>
                                                       DisplayController/count_0
    SLICE_X35Y1.F4       net (fanout=1)        0.291   DisplayController/count<0>
    SLICE_X35Y1.CLK      Tckf        (-Th)    -0.801   DisplayController/count<0>
                                                       DisplayController/Mcount_count_lut<0>_INV_0
                                                       DisplayController/Mcount_count_xor<0>
                                                       DisplayController/count_0
    -------------------------------------------------  ---------------------------
    Total                                      1.565ns (1.274ns logic, 0.291ns route)
                                                       (81.4% logic, 18.6% route)

--------------------------------------------------------------------------------

Paths for end point DisplayController/count_4 (SLICE_X35Y3.F4), 1 path
--------------------------------------------------------------------------------
Slack (hold path):      1.565ns (requirement - (clock path skew + uncertainty - data path))
  Source:               DisplayController/count_4 (FF)
  Destination:          DisplayController/count_4 (FF)
  Requirement:          0.000ns
  Data Path Delay:      1.565ns (Levels of Logic = 1)
  Clock Path Skew:      0.000ns
  Source Clock:         fpga_clk1_BUFGP rising at 40.000ns
  Destination Clock:    fpga_clk1_BUFGP rising at 40.000ns
  Clock Uncertainty:    0.000ns

  Minimum Data Path: DisplayController/count_4 to DisplayController/count_4
    Location             Delay type         Delay(ns)  Physical Resource
                                                       Logical Resource(s)
    -------------------------------------------------  -------------------
    SLICE_X35Y3.XQ       Tcko                  0.473   DisplayController/count<4>
                                                       DisplayController/count_4
    SLICE_X35Y3.F4       net (fanout=1)        0.291   DisplayController/count<4>
    SLICE_X35Y3.CLK      Tckf        (-Th)    -0.801   DisplayController/count<4>
                                                       DisplayController/count<4>_rt
                                                       DisplayController/Mcount_count_xor<4>
                                                       DisplayController/count_4
    -------------------------------------------------  ---------------------------
    Total                                      1.565ns (1.274ns logic, 0.291ns route)
                                                       (81.4% logic, 18.6% route)

--------------------------------------------------------------------------------

Paths for end point DisplayController/count_8 (SLICE_X35Y5.F4), 1 path
--------------------------------------------------------------------------------
Slack (hold path):      1.565ns (requirement - (clock path skew + uncertainty - data path))
  Source:               DisplayController/count_8 (FF)
  Destination:          DisplayController/count_8 (FF)
  Requirement:          0.000ns
  Data Path Delay:      1.565ns (Levels of Logic = 1)
  Clock Path Skew:      0.000ns
  Source Clock:         fpga_clk1_BUFGP rising at 40.000ns
  Destination Clock:    fpga_clk1_BUFGP rising at 40.000ns
  Clock Uncertainty:    0.000ns

  Minimum Data Path: DisplayController/count_8 to DisplayController/count_8
    Location             Delay type         Delay(ns)  Physical Resource
                                                       Logical Resource(s)
    -------------------------------------------------  -------------------
    SLICE_X35Y5.XQ       Tcko                  0.473   DisplayController/count<8>
                                                       DisplayController/count_8
    SLICE_X35Y5.F4       net (fanout=1)        0.291   DisplayController/count<8>
    SLICE_X35Y5.CLK      Tckf        (-Th)    -0.801   DisplayController/count<8>
                                                       DisplayController/count<8>_rt
                                                       DisplayController/Mcount_count_xor<8>
                                                       DisplayController/count_8
    -------------------------------------------------  ---------------------------
    Total                                      1.565ns (1.274ns logic, 0.291ns route)
                                                       (81.4% logic, 18.6% route)

--------------------------------------------------------------------------------

Component Switching Limit Checks: TS_fpga_clk1 = PERIOD TIMEGRP "fpga_clk1" 40 ns HIGH 50%;
--------------------------------------------------------------------------------
Slack: 36.808ns (period - (min low pulse limit / (low pulse / period)))
  Period: 40.000ns
  Low pulse: 20.000ns
  Low pulse limit: 1.596ns (Trpw)
  Physical resource: DisplayController/count<0>/SR
  Logical resource: DisplayController/count_0/SR
  Location pin: SLICE_X35Y1.SR
  Clock network: led0_OBUF
--------------------------------------------------------------------------------
Slack: 36.808ns (period - (min high pulse limit / (high pulse / period)))
  Period: 40.000ns
  High pulse: 20.000ns
  High pulse limit: 1.596ns (Trpw)
  Physical resource: DisplayController/count<0>/SR
  Logical resource: DisplayController/count_0/SR
  Location pin: SLICE_X35Y1.SR
  Clock network: led0_OBUF
--------------------------------------------------------------------------------
Slack: 36.808ns (period - (min low pulse limit / (low pulse / period)))
  Period: 40.000ns
  Low pulse: 20.000ns
  Low pulse limit: 1.596ns (Trpw)
  Physical resource: DisplayController/count<0>/SR
  Logical resource: DisplayController/count_1/SR
  Location pin: SLICE_X35Y1.SR
  Clock network: led0_OBUF
--------------------------------------------------------------------------------


All constraints were met.


Data Sheet report:
-----------------
All values displayed in nanoseconds (ns)

Clock to Setup on destination clock fpga_clk1
---------------+---------+---------+---------+---------+
               | Src:Rise| Src:Fall| Src:Rise| Src:Fall|
Source Clock   |Dest:Rise|Dest:Rise|Dest:Fall|Dest:Fall|
---------------+---------+---------+---------+---------+
fpga_clk1      |    3.967|         |         |         |
---------------+---------+---------+---------+---------+


Timing summary:
---------------

Timing errors: 0  Score: 0  (Setup/Max: 0, Hold: 0)

Constraints cover 171 paths, 0 nets, and 36 connections

Design statistics:
   Minimum period:   3.967ns{1}   (Maximum frequency: 252.080MHz)


------------------------------------Footnotes-----------------------------------
1)  The minimum period statistic assumes all single cycle delays.

Analysis completed Thu May 04 16:19:45 2017 
--------------------------------------------------------------------------------

Trace Settings:
-------------------------
Trace Settings 

Peak Memory Usage: 173 MB



