MO Reg_Controller NULL Reg_Controller.v vlg35/_reg___controller.bin 1493922663
MO SensorController NULL SensorController.v vlg76/_sensor_controller.bin 1493925556
MO BinToBCD NULL BinToBCD.v vlg5D/_bin_to_b_c_d.bin 1493925556
MO DisplayController NULL DisplayController.v vlg42/_display_controller.bin 1493925556
MO Debouncer NULL Debouncer.v vlg63/_debouncer.bin 1493922663
